node : (node:13268) 
ExperimentalWarning: VM 
Modules is an experimental 
feature and might change at 
any time
At line:1 char:23
+ ... ENV='test'; node 
--experimental-vm-modules 
node_modules/jest/bin/jest 
...
+                 ~~~~~~~~~~~
~~~~~~~~~~~~~~~~~~~~~~~~~~~~~
~~~~~~~~~~~~~~~~~
    + CategoryInfo           
   : NotSpecified: ((node:1  
  3268) Ex...nge at any ti   
 me:String) [], RemoteExc    
eption
    + FullyQualifiedErrorId  
   : NativeCommandError
 
(Use `node --trace-warnings 
...` to show where the 
warning was created)
(node:10904) 
ExperimentalWarning: VM 
Modules is an experimental 
feature and might change at 
any time
(Use `node --trace-warnings 
...` to show where the 
warning was created)
PASS tests/game.test.js
  GET /api/health
    ΓêÜ returns status OK 
(23 ms)
  GET 
/api/game/words/:difficulty
    ΓêÜ returns word list 
for easy difficulty (6 ms)
    ΓêÜ returns word list 
for medium difficulty (4 ms)
    ΓêÜ returns word list 
for hard difficulty (6 ms)
    ΓêÜ returns 400 for 
invalid difficulty (4 ms)
  GET /api/game/leaderboard
    ΓêÜ returns leaderboard 
array (6 ms)
  GET /api/game/rooms
    ΓêÜ returns available 
waiting rooms (5 ms)
  POST /api/game/rooms
    ΓêÜ creates a room and 
returns roomId + roomCode 
(12 ms)
    ΓêÜ returns 401 without 
a token (4 ms)
  POST 
/api/game/rooms/:roomId/join
    ΓêÜ returns 404 when 
room does not exist or is 
not waiting (5 ms)
    ΓêÜ returns 400 when 
room is already full (3 ms)
    ΓêÜ returns 400 when 
user already joined the room 
(3 ms)

  console.error
    JsonWebTokenError {
      name: 'JsonWebTokenError',
      message: 'invalid token'
    }

    [0m [90m 132 |[39m
     [90m 133 |[39m   } [36mcatch[39m (err) {
    [31m[1m>[22m[39m[90m 134 |[39m     console[33m.[39merror(err)[33m;[39m
     [90m     |[39m             [31m[1m^[22m[39m
     [90m 135 |[39m     [36mreturn[39m res[33m.[39mstatus([35m403[39m)[33m.[39mjson({ error[33m:[39m [32m"Invalid token"[39m })[33m;[39m
     [90m 136 |[39m   }
     [90m 137 |[39m })[33m;[39m[0m

      at routes/auth.js:134:13
      at Layer.handle [as handle_request] (node_modules/express/lib/router/layer.js:95:5)
      at next (node_modules/express/lib/router/route.js:149:13)
      at Route.dispatch (node_modules/express/lib/router/route.js:119:3)
      at Layer.handle [as handle_request] (node_modules/express/lib/router/layer.js:95:5)
      at node_modules/express/lib/router/index.js:284:15
      at Function.process_params (node_modules/express/lib/router/index.js:346:12)
      at next (node_modules/express/lib/router/index.js:280:10)
      at Function.handle (node_modules/express/lib/router/index.js:175:3)
      at router (node_modules/express/lib/router/index.js:47:12)
      at Layer.handle [as handle_request] (node_modules/express/lib/router/layer.js:95:5)
      at trim_prefix (node_modules/express/lib/router/index.js:328:13)
      at node_modules/express/lib/router/index.js:286:9
      at Function.process_params (node_modules/express/lib/router/index.js:346:12)
      at next (node_modules/express/lib/router/index.js:280:10)
      at node_modules/express-rate-limit/dist/index.mjs:816:9
      at node_modules/express-rate-limit/dist/index.mjs:801:5

PASS tests/auth.test.js
  POST /api/auth/register
    ΓêÜ registers a new user 
successfully (105 ms)
    ΓêÜ returns 400 when 
user already exists (8 ms)
    ΓêÜ returns 400 for 
invalid email (4 ms)
    ΓêÜ returns 400 when 
password is too short (< 6 
chars) (4 ms)
    ΓêÜ returns 400 when 
username is too short (< 3 
chars) (3 ms)
  POST /api/auth/login
    ΓêÜ logs in with correct 
credentials (130 ms)
    ΓêÜ returns 400 for 
wrong password (173 ms)
    ΓêÜ returns 400 when 
user does not exist (5 ms)
    ΓêÜ returns 400 for 
invalid email format (6 ms)
  GET /api/auth/me
    ΓêÜ returns the user 
when given a valid JWT (7 ms)
    ΓêÜ returns 401 when no 
token is provided (4 ms)
    ΓêÜ returns 403 for a 
tampered / invalid token (35 
ms)

Test Suites: 2 passed, 2 
total
Tests:       24 passed, 24 
total
Snapshots:   0 total
Time:        1.511 s, 
estimated 2 s
Ran all test suites.
Force exiting Jest: Have you 
considered using 
`--detectOpenHandles` to 
detect async operations that 
kept running after all tests 
finished?
